 * Debug mode: off
[31m[1mWARNING: This is a development server. Do not use it in a production deployment. Use a production WSGI server instead.[0m
 * Running on all addresses (0.0.0.0)
 * Running on http://127.0.0.1:3001
 * Running on http://172.17.0.2:3001
[33mPress CTRL+C to quit[0m
 * Restarting with stat
 * Detected change in '/home/kavia/workspace/code-generation/remixflask-portfolio-70134-f87a0c13/blog_backend_workspace/blog_backend/app/routes/blog.py', reloading
 * Restarting with stat
 * Detected change in '/home/kavia/workspace/code-generation/remixflask-portfolio-70134-f87a0c13/blog_backend_workspace/blog_backend/app/routes/blog.py', reloading
 * Restarting with stat
 * Detected change in '/home/kavia/workspace/code-generation/remixflask-portfolio-70134-f87a0c13/blog_backend_workspace/blog_backend/app/__init__.py', reloading
 * Restarting with stat
 * Detected change in '/home/kavia/workspace/code-generation/remixflask-portfolio-70134-f87a0c13/blog_backend_workspace/blog_backend/app/routes/blog.py', reloading
 * Restarting with stat
 * Detected change in '/home/kavia/workspace/code-generation/remixflask-portfolio-70134-f87a0c13/blog_backend_workspace/blog_backend/app/routes/blog.py', reloading
 * Restarting with stat
 * Detected change in '/home/kavia/workspace/code-generation/remixflask-portfolio-70134-f87a0c13/blog_backend_workspace/blog_backend/app/routes/blog.py', reloading
 * Restarting with stat
 * Detected change in '/home/kavia/workspace/code-generation/remixflask-portfolio-70134-f87a0c13/blog_backend_workspace/blog_backend/app/routes/blog.py', reloading
 * Restarting with stat
 * Detected change in '/home/kavia/workspace/code-generation/remixflask-portfolio-70134-f87a0c13/blog_backend_workspace/blog_backend/app/routes/blog.py', reloading
 * Restarting with stat
 * Detected change in '/home/kavia/workspace/code-generation/remixflask-portfolio-70134-f87a0c13/blog_backend_workspace/blog_backend/app/routes/blog.py', reloading
 * Restarting with stat
 * Detected change in '/home/kavia/workspace/code-generation/remixflask-portfolio-70134-f87a0c13/blog_backend_workspace/blog_backend/app/routes/blog.py', reloading
 * Restarting with stat
 * Detected change in '/home/kavia/workspace/code-generation/remixflask-portfolio-70134-f87a0c13/blog_backend_workspace/blog_backend/app/routes/blog.py', reloading
 * Restarting with stat
